It is an example test rtf-file to RTF2XML bean for testingFont size 10, plain text;Font size 12, bold text. Underline,bold text. Underline,italic,bold text. Font size 22, plain text.                                                 Bold text.                      Italic text.   Simple table :1st column2nd column3rd column4th column5th column1.1 item1.2 item1.3 item1.4 item1.5 item2.1 item2.2 item2.3 item2.4 item2.5 item3.1 item3.2 item3.3 item3.4 item3.5 item4.1 item4.2 item4.3 item4.4 item4.5 item5.1 item5.2 item5.3 item5.4 item5.5 itemEmpty ………EmptyLast items………Last itemsList :·     It is the 1st row of the list·     It is the 2nd row of the list·     …·     …·     …·     It is the last row of the list Here is a brief Courier text.  Here is a brief MS Sans - Serif text.  Here is a brief MS Serif text.  Here is a brief Times New Roman text.   Some paragraphs :I.     Align left :     The text you are reading is aligned left. It is an align – left text. It is also an align – left sentence.                   II.     Align right:  The text you are reading is aligned right. It is an align – right text. It is also an align – right sentence. III.     Align centered:        The text you are reading is aligned center. It is an align – centered text. It is also an align – centered sentence. IV.     Align justified:          The text you are reading is aligned justify. It is an align – justified text. It is also an align – justified sentence.Here are some special characters: öt árvíztűrő ütvefúrógép, which means “five flood resistant hammer drills” () in Hungarian.   At last you can see an image :